ERC report (2026-03-30T15:28:52, Encoding UTF8)
Report includes: Errors, Warnings

***** Sheet /
[pin_not_connected]: Pin not connected
    ; error
    @(45.72 mm, 71.12 mm): Symbol J1 Pin A5 [CC1, Bidirectional, Line]
[pin_not_connected]: Pin not connected
    ; error
    @(45.72 mm, 73.66 mm): Symbol J1 Pin B5 [CC2, Bidirectional, Line]
[wire_dangling]: Wires not connected to anything
    ; error
    @(45.72 mm, 78.74 mm): Horizontal Wire, length 15.24 mm
[pin_not_connected]: Pin not connected
    ; error
    @(45.72 mm, 81.28 mm): Symbol J1 Pin A6 [D+, Bidirectional, Line]
[pin_not_connected]: Pin not connected
    ; error
    @(55.88 mm, 74.93 mm): Symbol R1 Pin 1 [Passive, Line]
[pin_not_connected]: Pin not connected
    ; error
    @(45.72 mm, 83.82 mm): Symbol J1 Pin A7 [D-, Bidirectional, Line]
[pin_not_connected]: Pin not connected
    ; error
    @(60.96 mm, 74.93 mm): Symbol R2 Pin 1 [Passive, Line]
[pin_not_connected]: Pin not connected
    ; error
    @(45.72 mm, 88.90 mm): Symbol J1 Pin S1 [SHIELD, Passive, Line]
[pin_not_connected]: Pin not connected
    ; error
    @(45.72 mm, 91.44 mm): Symbol J1 Pin A1 [GND, Power output, Line]
[pin_not_connected]: Pin not connected
    ; error
    @(96.52 mm, 60.96 mm): Symbol U1 Pin 1 [GND/Adj, Power input, Line]
[power_pin_not_driven]: Input Power pin not driven by any Output Power pins
    ; error
    @(96.52 mm, 60.96 mm): Symbol U1 Pin 1 [GND/Adj, Power input, Line]
[pin_not_connected]: Pin not connected
    ; error
    @(35.56 mm, 179.07 mm): Symbol R4 Pin 1 [Passive, Line]
[label_dangling]: Label not connected
    ; error
    @(208.28 mm, 195.58 mm): Label 'GPIO_LED'
[pin_not_connected]: Pin not connected
    ; error
    @(210.82 mm, 195.58 mm): Symbol LED1 Pin 4 [DIN, Input, Line]
[pin_not_driven]: Input pin not driven by any Output pins
    ; error
    @(210.82 mm, 195.58 mm): Symbol LED1 Pin 4 [DIN, Input, Line]
[pin_not_connected]: Pin not connected
    ; error
    @(226.06 mm, 195.58 mm): Symbol LED1 Pin 2 [DOUT, Output, Line]
[pin_not_connected]: Pin not connected
    ; error
    @(233.68 mm, 191.77 mm): Symbol C8 Pin 1 [Passive, Line]
[pin_not_connected]: Pin not connected
    ; error
    @(233.68 mm, 199.39 mm): Symbol C8 Pin 2 [Passive, Line]
[pin_not_connected]: Pin not connected
    ; error
    @(283.21 mm, 137.16 mm): Symbol J2 Pin 1 [Pin_1, Passive, Line]
[pin_not_connected]: Pin not connected
    ; error
    @(283.21 mm, 139.70 mm): Symbol J2 Pin 2 [Pin_2, Passive, Line]
[pin_not_connected]: Pin not connected
    ; error
    @(283.21 mm, 142.24 mm): Symbol J2 Pin 3 [Pin_3, Passive, Line]
[pin_not_connected]: Pin not connected
    ; error
    @(283.21 mm, 144.78 mm): Symbol J2 Pin 4 [Pin_4, Passive, Line]
[pin_not_connected]: Pin not connected
    ; error
    @(283.21 mm, 160.02 mm): Symbol J3 Pin 1 [Pin_1, Passive, Line]
[pin_not_connected]: Pin not connected
    ; error
    @(283.21 mm, 162.56 mm): Symbol J3 Pin 2 [Pin_2, Passive, Line]
[label_dangling]: Label not connected
    ; error
    @(256.54 mm, 203.20 mm): Label 'GPIO_BUZZER'
[pin_not_connected]: Pin not connected
    ; error
    @(283.21 mm, 165.10 mm): Symbol J3 Pin 3 [Pin_3, Passive, Line]
[pin_not_connected]: Pin not connected
    ; error
    @(260.35 mm, 203.20 mm): Symbol R7 Pin 1 [Passive, Line]
[pin_not_connected]: Pin not connected
    ; error
    @(279.40 mm, 198.12 mm): Symbol Q1 Pin 1 [C, Passive, Line]
[pin_not_connected]: Pin not connected
    ; error
    @(283.21 mm, 197.485 mm): Symbol BZ1 Pin 2 [-, Passive, Line]
[lib_symbol_issues]: Symbol 'USB_C_Receptacle_USB2.0' not found in symbol library 'Connector'
    ; warning
    @(33.02 mm, 76.20 mm): Symbol J1 [USB_C_Receptacle_USB2.0]
[unconnected_wire_endpoint]: Unconnected wire endpoint
    ; warning
    @(45.72 mm, 78.74 mm): Horizontal Wire, length 15.24 mm
[lib_symbol_mismatch]: Symbol '+5V' doesn't match copy in library 'power'
    ; warning
    @(71.12 mm, 58.42 mm): Symbol #PWR01 [+5V]
[lib_symbol_mismatch]: Symbol 'R' doesn't match copy in library 'Device'
    ; warning
    @(55.88 mm, 78.74 mm): Symbol R1 [R]
[unconnected_wire_endpoint]: Unconnected wire endpoint
    ; warning
    @(45.72 mm, 81.28 mm): Horizontal Wire, length 10.16 mm
[lib_symbol_mismatch]: Symbol 'R' doesn't match copy in library 'Device'
    ; warning
    @(60.96 mm, 78.74 mm): Symbol R2 [R]
[unconnected_wire_endpoint]: Unconnected wire endpoint
    ; warning
    @(45.72 mm, 78.74 mm): Horizontal Wire, length 15.24 mm
[lib_symbol_mismatch]: Symbol 'D_TVS' doesn't match copy in library 'Device'
    ; warning
    @(71.12 mm, 71.12 mm): Symbol D1 [D_TVS]
[lib_symbol_mismatch]: Symbol 'C' doesn't match copy in library 'Device'
    ; warning
    @(83.82 mm, 71.12 mm): Symbol C1 [C]
[lib_symbol_mismatch]: Symbol 'GND' doesn't match copy in library 'power'
    ; warning
    @(71.12 mm, 91.44 mm): Symbol #PWR03 [GND]
[lib_symbol_mismatch]: Symbol 'C' doesn't match copy in library 'Device'
    ; warning
    @(93.98 mm, 68.58 mm): Symbol C2 [C]
[lib_symbol_mismatch]: Symbol 'AMS1117-3.3' doesn't match copy in library 'Regulator_Linear'
    ; warning
    @(104.14 mm, 60.96 mm): Symbol U1 [AMS1117-3.3]
[unconnected_wire_endpoint]: Unconnected wire endpoint
    ; warning
    @(104.14 mm, 60.96 mm): Vertical Wire, length 15.24 mm
[lib_symbol_mismatch]: Symbol 'GND' doesn't match copy in library 'power'
    ; warning
    @(104.14 mm, 76.20 mm): Symbol #PWR04 [GND]
[multiple_net_names]: Both +3V3 and GND are attached to the same items; +3V3 will be used in the netlist
    ; warning
    @(116.84 mm, 58.42 mm): Symbol #PWR02 Pin 1 [+3V3, Power input, Line]
    @(104.14 mm, 76.20 mm): Symbol #PWR04 Pin 1 [GND, Power input, Line]
[lib_symbol_mismatch]: Symbol '+3V3' doesn't match copy in library 'power'
    ; warning
    @(116.84 mm, 58.42 mm): Symbol #PWR02 [+3V3]
[lib_symbol_mismatch]: Symbol 'C' doesn't match copy in library 'Device'
    ; warning
    @(116.84 mm, 68.58 mm): Symbol C3 [C]
[lib_symbol_mismatch]: Symbol 'C' doesn't match copy in library 'Device'
    ; warning
    @(127.00 mm, 68.58 mm): Symbol C4 [C]
[lib_symbol_mismatch]: Symbol 'C' doesn't match copy in library 'Device'
    ; warning
    @(134.62 mm, 68.58 mm): Symbol C5 [C]
[lib_symbol_mismatch]: Symbol 'C' doesn't match copy in library 'Device'
    ; warning
    @(142.24 mm, 68.58 mm): Symbol C6 [C]
[lib_symbol_mismatch]: Symbol '+3V3' doesn't match copy in library 'power'
    ; warning
    @(35.56 mm, 160.02 mm): Symbol #PWR11 [+3V3]
[lib_symbol_mismatch]: Symbol 'R' doesn't match copy in library 'Device'
    ; warning
    @(35.56 mm, 167.64 mm): Symbol R3 [R]
[lib_symbol_mismatch]: Symbol 'SW_Push' doesn't match copy in library 'Switch'
    ; warning
    @(48.26 mm, 175.26 mm): Symbol SW1 [SW_Push]
[lib_symbol_mismatch]: Symbol 'R' doesn't match copy in library 'Device'
    ; warning
    @(35.56 mm, 182.88 mm): Symbol R4 [R]
[lib_symbol_mismatch]: Symbol 'SW_Push' doesn't match copy in library 'Switch'
    ; warning
    @(48.26 mm, 190.50 mm): Symbol SW2 [SW_Push]
[lib_symbol_mismatch]: Symbol 'GND' doesn't match copy in library 'power'
    ; warning
    @(58.42 mm, 198.12 mm): Symbol #PWR12 [GND]
[lib_symbol_mismatch]: Symbol '+3V3' doesn't match copy in library 'power'
    ; warning
    @(203.20 mm, 124.46 mm): Symbol #PWR05 [+3V3]
[lib_symbol_mismatch]: Symbol 'C' doesn't match copy in library 'Device'
    ; warning
    @(203.20 mm, 147.32 mm): Symbol C7 [C]
[lib_symbol_mismatch]: Symbol 'GND' doesn't match copy in library 'power'
    ; warning
    @(203.20 mm, 157.48 mm): Symbol #PWR06 [GND]
[lib_symbol_issues]: The symbol library 'stoveiq' was not found at '/Users/nickd/Workspaces/stoveiq/hardware/pcb/symbols/stoveiq.kicad_sym'
    ; warning
    @(218.44 mm, 139.70 mm): Symbol U3 [MLX90640ESF]
[lib_symbol_mismatch]: Symbol 'R' doesn't match copy in library 'Device'
    ; warning
    @(236.22 mm, 129.54 mm): Symbol R5 [R]
[lib_symbol_mismatch]: Symbol 'R' doesn't match copy in library 'Device'
    ; warning
    @(241.30 mm, 129.54 mm): Symbol R6 [R]
[lib_symbol_mismatch]: Symbol '+3V3' doesn't match copy in library 'power'
    ; warning
    @(218.44 mm, 182.88 mm): Symbol #PWR07 [+3V3]
[lib_symbol_mismatch]: Symbol 'WS2812B' doesn't match copy in library 'LED'
    ; warning
    @(218.44 mm, 195.58 mm): Symbol LED1 [WS2812B]
[lib_symbol_mismatch]: Symbol 'GND' doesn't match copy in library 'power'
    ; warning
    @(218.44 mm, 208.28 mm): Symbol #PWR08 [GND]
[lib_symbol_mismatch]: Symbol 'C' doesn't match copy in library 'Device'
    ; warning
    @(233.68 mm, 195.58 mm): Symbol C8 [C]
[lib_symbol_mismatch]: Symbol 'Conn_01x04' doesn't match copy in library 'Connector_Generic'
    ; warning
    @(287.02 mm, 139.70 mm): Symbol J2 [Conn_01x04]
[lib_symbol_mismatch]: Symbol 'Conn_01x03' doesn't match copy in library 'Connector_Generic'
    ; warning
    @(287.02 mm, 162.56 mm): Symbol J3 [Conn_01x03]
[lib_symbol_mismatch]: Symbol 'R' doesn't match copy in library 'Device'
    ; warning
    @(264.16 mm, 203.20 mm): Symbol R7 [R]
[lib_symbol_mismatch]: Symbol '+3V3' doesn't match copy in library 'power'
    ; warning
    @(283.21 mm, 187.96 mm): Symbol #PWR09 [+3V3]
[endpoint_off_grid]: Symbol pin or wire end off connection grid
    ; warning
    @(283.21 mm, 193.675 mm): Symbol BZ1 Pin 1 [+, Passive, Line]
[endpoint_off_grid]: Symbol pin or wire end off connection grid
    ; warning
    @(283.21 mm, 187.96 mm): Vertical Wire, length 5.715 mm
[lib_symbol_mismatch]: Symbol 'MMBT3904' doesn't match copy in library 'Transistor_BJT'
    ; warning
    @(276.86 mm, 203.20 mm): Symbol Q1 [MMBT3904]
[unconnected_wire_endpoint]: Unconnected wire endpoint
    ; warning
    @(279.40 mm, 198.12 mm): Vertical Wire, length 5.08 mm
[lib_symbol_mismatch]: Symbol 'Buzzer' doesn't match copy in library 'Device'
    ; warning
    @(287.02 mm, 195.58 mm): Symbol BZ1 [Buzzer]
[lib_symbol_mismatch]: Symbol 'GND' doesn't match copy in library 'power'
    ; warning
    @(279.40 mm, 213.36 mm): Symbol #PWR10 [GND]

 ** ERC messages: 75  Errors 29  Warnings 46

 ** Ignored checks:
    - Global label only appears once in the schematic
    - Four connection points are joined together
    - SPICE model issue
    - Assigned footprint doesn't match footprint filters
